// Jest Snapshot v1, https://goo.gl/fbAQLP

exports[`<App/> should match snapshot 1`] = `
<DocumentFragment>
  <div
    class="App"
  >
    <header>
      <form
        data-testid="search-form"
      >
        <div
          class="search-box"
        >
          <input
            autocomplete="off"
            class="search-txt"
            data-testid="searchTerm"
            name="searchTerm"
            placeholder="Type to Search"
            type="text"
            value=""
          />
          <div
            class="search-button"
            data-testid="submit"
          >
            <i
              fill="currentColor"
              style="display: inline-block;"
            >
              <svg
                fill="currentColor"
                height="16"
                style="display: inline-block; vertical-align: middle;"
                viewBox="0 0 1664 1792"
                width="16"
              >
                <path
                  d="M1152 832q0-185-131.5-316.5t-316.5-131.5-316.5 131.5-131.5 316.5 131.5 316.5 316.5 131.5 316.5-131.5 131.5-316.5zM1664 1664q0 52-38 90t-90 38q-54 0-90-38l-343-342q-179 124-399 124-143 0-273.5-55.5t-225-150-150-225-55.5-273.5 55.5-273.5 150-225 225-150 273.5-55.5 273.5 55.5 225 150 150 225 55.5 273.5q0 220-124 399l343 343q37 37 37 90z"
                />
              </svg>
            </i>
          </div>
        </div>
      </form>
    </header>
    <div
      class="episodes-container"
    >
      <div>
        Search for a series
      </div>
    </div>
  </div>
</DocumentFragment>
`;
